[2026-05-21 10.36.34] git add .
C:\Users\Alvin Meko\AppData\Local\Language Data
OUTPUT:

ERROR:

----------------------
[2026-05-21 10.36.35] git commit -m "OurWord auto-commit 2026-05-21 10.36.34"
C:\Users\Alvin Meko\AppData\Local\Language Data
OUTPUT:
[main 28736fd] OurWord auto-commit 2026-05-21 10.36.34
 18 files changed, 733 insertions(+)
 create mode 100644 OurWordSample/.Pictures/FollowMe.jpg
 create mode 100644 OurWordSample/.Pictures/JesusBaptism.jpg
 create mode 100644 OurWordSample/.Pictures/JohnTheBaptist.jpg
 create mode 100644 OurWordSample/.Pictures/RollingUpMat.jpg
 create mode 100644 OurWordSample/.Pictures/Wineskin.jpg
 create mode 100644 OurWordSample/.Settings/English.otrans
 create mode 100644 OurWordSample/.Settings/English.owp
 create mode 100644 OurWordSample/.Settings/Hawai'i Creole English.otrans
 create mode 100644 OurWordSample/.Settings/NIV.otrans
 create mode 100644 OurWordSample/.Settings/NLT.otrans
 create mode 100644 OurWordSample/.Settings/OurWordSample.StyleSheet
 create mode 100644 OurWordSample/.Settings/OurWordSample.owt
 create mode 100644 OurWordSample/.Settings/RSV.otrans
 create mode 100644 OurWordSample/English/41 MRK - English.oxes
 create mode 100644 OurWordSample/Hawai'i Creole English/41 MRK - Hawai'i Creole English.oxes
 create mode 100644 OurWordSample/NIV/41 MRK - NIV.oxes
 create mode 100644 OurWordSample/NLT/41 MRK - NLT.oxes
 create mode 100644 OurWordSample/RSV/41 MRK - RSV.oxes

ERROR:

----------------------
[2026-05-21 10.36.39] git pull origin main
C:\Users\Alvin Meko\AppData\Local\Language Data
OUTPUT:

ERROR:
fatal: couldn't find remote ref main

----------------------
[2026-05-21 10.40.38] git add .
C:\Users\Alvin Meko\AppData\Local\Language Data
OUTPUT:

ERROR:
warning: in the working copy of 'ourword_git.log', LF will be replaced by CRLF the next time Git touches it

----------------------
[2026-05-21 10.40.39] git commit -m "OurWord auto-commit 2026-05-21 10.40.38"
C:\Users\Alvin Meko\AppData\Local\Language Data
OUTPUT:
[main 70df1d6] OurWord auto-commit 2026-05-21 10.40.38
 1 file changed, 42 insertions(+)
 create mode 100644 ourword_git.log

ERROR:

----------------------
[2026-05-21 10.40.42] git pull origin main
C:\Users\Alvin Meko\AppData\Local\Language Data
OUTPUT:

ERROR:
fatal: couldn't find remote ref main

----------------------
[2026-05-21 10.44.01] git add .
C:\Users\Alvin Meko\AppData\Local\Language Data
OUTPUT:

ERROR:
warning: in the working copy of 'ourword_git.log', LF will be replaced by CRLF the next time Git touches it

----------------------
[2026-05-21 10.44.01] git commit -m "OurWord auto-commit 2026-05-21 10.44.01"
C:\Users\Alvin Meko\AppData\Local\Language Data
OUTPUT:
[main b0fe24c] OurWord auto-commit 2026-05-21 10.44.01
 1 file changed, 26 insertions(+)

ERROR:

----------------------
[2026-05-21 10.44.04] git pull origin main
C:\Users\Alvin Meko\AppData\Local\Language Data
OUTPUT:
Already up to date.

ERROR:
From https://github.com/alvin-ubbGMIT/ourword
 * branch            main       -> FETCH_HEAD

----------------------
[2026-05-21 10.44.09] git push origin main
C:\Users\Alvin Meko\AppData\Local\Language Data
OUTPUT:

ERROR:
To https://github.com/alvin-ubbGMIT/ourword.git
   28736fd..b0fe24c  main -> main

----------------------
[2026-05-21 10.45.06] git add .
C:\Users\Alvin Meko\AppData\Local\Language Data
OUTPUT:

ERROR:
warning: in the working copy of 'ourword_git.log', LF will be replaced by CRLF the next time Git touches it

----------------------
[2026-05-21 10.45.07] git commit -m "OurWord auto-commit 2026-05-21 10.45.06"
C:\Users\Alvin Meko\AppData\Local\Language Data
OUTPUT:
[main 3ee873b] OurWord auto-commit 2026-05-21 10.45.06
 1 file changed, 36 insertions(+)

ERROR:

----------------------
[2026-05-21 10.45.10] git pull origin main
C:\Users\Alvin Meko\AppData\Local\Language Data
OUTPUT:
Already up to date.

ERROR:
From https://github.com/alvin-ubbGMIT/ourword
 * branch            main       -> FETCH_HEAD

----------------------
[2026-05-21 10.45.16] git push origin main
C:\Users\Alvin Meko\AppData\Local\Language Data
OUTPUT:

ERROR:
To https://github.com/alvin-ubbGMIT/ourword.git
   b0fe24c..3ee873b  main -> main

----------------------
[2026-05-21 10.46.36] git add .
C:\Users\Alvin Meko\AppData\Local\Language Data
OUTPUT:

ERROR:
warning: in the working copy of 'ourword_git.log', LF will be replaced by CRLF the next time Git touches it

----------------------
[2026-05-21 10.46.36] git commit -m "OurWord auto-commit 2026-05-21 10.46.36"
C:\Users\Alvin Meko\AppData\Local\Language Data
OUTPUT:
[main d2447a2] OurWord auto-commit 2026-05-21 10.46.36
 1 file changed, 36 insertions(+)

ERROR:

----------------------
[2026-05-21 10.46.39] git pull origin main
C:\Users\Alvin Meko\AppData\Local\Language Data
OUTPUT:
Already up to date.

ERROR:
From https://github.com/alvin-ubbGMIT/ourword
 * branch            main       -> FETCH_HEAD

----------------------
[2026-05-21 10.46.44] git push origin main
C:\Users\Alvin Meko\AppData\Local\Language Data
OUTPUT:

ERROR:
To https://github.com/alvin-ubbGMIT/ourword.git
   3ee873b..d2447a2  main -> main

----------------------
[2026-05-21 10.57.25] git add .
C:\Users\Alvin Meko\AppData\Local\Language Data
OUTPUT:

ERROR:
warning: in the working copy of 'ourword_git.log', LF will be replaced by CRLF the next time Git touches it

----------------------
[2026-05-21 10.57.26] git commit -m "OurWord auto-commit 2026-05-21 10.57.25"
C:\Users\Alvin Meko\AppData\Local\Language Data
OUTPUT:
[main 0d88689] OurWord auto-commit 2026-05-21 10.57.25
 4 files changed, 5212 insertions(+), 2 deletions(-)
 create mode 100644 Hawu-Dhao/.Backup/01 GEN - Dhao - Rev-M 2026-05-21.bak
 create mode 100644 Hawu-Dhao/.Backup/01 GEN - Hawu - Draft-A 2026-05-21.bak

ERROR:

----------------------
[2026-05-21 10.57.28] git pull origin main
C:\Users\Alvin Meko\AppData\Local\Language Data
OUTPUT:
Already up to date.

ERROR:
From https://github.com/alvin-ubbGMIT/ourword
 * branch            main       -> FETCH_HEAD

----------------------
[2026-05-21 10.57.34] git push origin main
C:\Users\Alvin Meko\AppData\Local\Language Data
OUTPUT:

ERROR:
To https://github.com/alvin-ubbGMIT/ourword.git
   d2447a2..0d88689  main -> main

----------------------
[2026-05-21 11.03.24] git add .
C:\Users\Alvin Meko\AppData\Local\Language Data
OUTPUT:

ERROR:
warning: in the working copy of 'ourword_git.log', LF will be replaced by CRLF the next time Git touches it

----------------------
[2026-05-21 11.03.24] git commit -m "OurWord auto-commit 2026-05-21 11.03.24"
C:\Users\Alvin Meko\AppData\Local\Language Data
OUTPUT:
[main a8b650a] OurWord auto-commit 2026-05-21 11.03.24
 1 file changed, 38 insertions(+)

ERROR:

----------------------
[2026-05-21 11.03.27] git pull origin main
C:\Users\Alvin Meko\AppData\Local\Language Data
OUTPUT:
Already up to date.

ERROR:
From https://github.com/alvin-ubbGMIT/ourword
 * branch            main       -> FETCH_HEAD

----------------------
[2026-05-21 11.03.33] git push origin main
C:\Users\Alvin Meko\AppData\Local\Language Data
OUTPUT:

ERROR:
To https://github.com/alvin-ubbGMIT/ourword.git
   0d88689..a8b650a  main -> main

----------------------
[2026-05-21 11.04.37] git add .
C:\Users\Alvin Meko\AppData\Local\Language Data
OUTPUT:

ERROR:
warning: in the working copy of 'ourword_git.log', LF will be replaced by CRLF the next time Git touches it

----------------------
[2026-05-21 11.04.38] git commit -m "OurWord auto-commit 2026-05-21 11.04.37"
C:\Users\Alvin Meko\AppData\Local\Language Data
OUTPUT:
[main 5417f4e] OurWord auto-commit 2026-05-21 11.04.37
 1 file changed, 36 insertions(+)

ERROR:

----------------------
[2026-05-21 11.04.40] git pull origin main
C:\Users\Alvin Meko\AppData\Local\Language Data
OUTPUT:
Already up to date.

ERROR:
From https://github.com/alvin-ubbGMIT/ourword
 * branch            main       -> FETCH_HEAD

----------------------
[2026-05-21 11.04.45] git push origin main
C:\Users\Alvin Meko\AppData\Local\Language Data
OUTPUT:

ERROR:
To https://github.com/alvin-ubbGMIT/ourword.git
   a8b650a..5417f4e  main -> main

----------------------
